A51 MACRO ASSEMBLER  MAIN                                                                 02/04/2026 00:36:33 PAGE     1


MACRO ASSEMBLER A51 V8.2.7.0
NO OBJECT MODULE REQUESTED
ASSEMBLER INVOKED BY: D:\Keil_v5\C51\BIN\A51.EXE main.a51 SET(SMALL) DEBUG PRINT(.\Listings\main.lst) OBJECT(.\Objects\m
                      ain.obj) EP

LOC  OBJ            LINE     SOURCE

  0030                 1     Store_column    equ 30H
  0031                 2     Store_row               equ 31H
                       3     
0000                   4     org 0000H
                       5     
0000                   6     MAIN:
                       7             ; Column scan
                       8                     ; P1.7-P1.4 (Rows)    = 0 (Ground)
                       9                     ; P1.3-P1.0 (Columns) = 1 (Input/Pull-up)
0000 75900F           10             mov P1, #0FH
0003 859030           11             mov Store_column, P1
                      12             
                      13             ; Row scan
                      14                     ; P1.7-P1.4 (Rows)    = 1 (Input/Pull-up)
                      15                     ; P1.3-P1.0 (Columns) = 0 (Ground)
0006 7590F0           16             mov P1, #0F0H
0009 859031           17             mov Store_row, P1
                      18             
                      19             ; Combine and display
000C E530             20             mov A, Store_column
000E 4531             21             orl A, Store_row
0010 F5A0             22             mov P2, A
0012 80EC             23     sjmp MAIN
0014                  24     jb A.4, main
*** _____________________________^
*** ______________________________^
*** ERROR #A9 IN 24 (main.a51, LINE 24): SYNTAX ERROR
*** ERROR #A9 IN 24 (main.a51, LINE 24): SYNTAX ERROR
                      25     
                      26     end
A51 MACRO ASSEMBLER  MAIN                                                                 02/04/2026 00:36:33 PAGE     2

SYMBOL TABLE LISTING
------ ----- -------


N A M E             T Y P E  V A L U E   ATTRIBUTES

MAIN . . . . . . .  C ADDR   0000H   A   
P1 . . . . . . . .  D ADDR   0090H   A   
P2 . . . . . . . .  D ADDR   00A0H   A   
STORE_COLUMN . . .  N NUMB   0030H   A   
STORE_ROW. . . . .  N NUMB   0031H   A   


REGISTER BANK(S) USED: 0 


ASSEMBLY COMPLETE.  0 WARNING(S), 2 ERROR(S)
